void main() {
  tokens.add(_tokenizer.terminate());
}
