dynamic foo() {
  return bar
    ..a = b
    ..c = d
    ..e = f;
}
