f(); // abc def ghi

g(); // aaaaaaaaaaaaaaaaaaaaa bbbbbbbbbbbbbbbbbbbbbbbbb cccccccccccccc
  // ddddddddddddddddd eeeeeeeeeeeeeeeee fffffffffffff ggggggggggggggg
  // hhhhhhhhhhhhhhh iiiiiiiiiiiiiiiiii jjjjjjjjjjjjjjjjj kkkkkkkkkk
  // lllllllllllllll mmmmmmmmmmmmmmmmmmmmmmm nnnnnnnnnnnnnnnnnnnnnn ooooooooo
  // pppp qqq rr ss tt u v w x y z.

h();
// aaaaaaaaaaaaaaaaaaaaa bbbbbbbbbbbbbbbbbbbbbbbbb cccccccccccccc
// ddddddddddddddddd eeeeeeeeeeeeeeeee fffffffffffff ggggggggggggggg
// hhhhhhhhhhhhhhh iiiiiiiiiiiiiiiiii jjjjjjjjjjjjjjjjj kkkkkkkkkk
// lllllllllllllll mmmmmmmmmmmmmmmmmmmmmmm nnnnnnnnnnnnnnnnnnnnnn ooooooooo pppp
// qqq rr ss tt u v w x y z.
//
// bababoowee.
